
  .   ____          _            __ _ _
 /\\ / ___'_ __ _ _(_)_ __  __ _ \ \ \ \
( ( )\___ | '_ | '_| | '_ \/ _` | \ \ \ \
 \\/  ___)| |_)| | | | | || (_| |  ) ) ) )
  '  |____| .__|_| |_|_| |_\__, | / / / /
 =========|_|==============|___/=/_/_/_/

 :: Spring Boot ::                (v3.5.3)

2026-08-03T20:44:32.619+05:45  INFO 23720 --- [mmms-backend] [           main] c.s.mmms_backend.MmmsBackendApplication  : Starting MmmsBackendApplication v0.0.1-SNAPSHOT using Java 25.0.3 with PID 23720 (D:\document\projects\mmms\mmms\memin-backend\backend\target\mmms-backend-0.0.1-SNAPSHOT.jar started by Acer in D:\document\projects\mmms\mmms\memin-backend\backend)
2026-08-03T20:44:32.622+05:45  INFO 23720 --- [mmms-backend] [           main] c.s.mmms_backend.MmmsBackendApplication  : No active profile set, falling back to 1 default profile: "default"
2026-08-03T20:44:33.273+05:45  INFO 23720 --- [mmms-backend] [           main] .s.d.r.c.RepositoryConfigurationDelegate : Bootstrapping Spring Data JPA repositories in DEFAULT mode.
2026-08-03T20:44:33.405+05:45  INFO 23720 --- [mmms-backend] [           main] .s.d.r.c.RepositoryConfigurationDelegate : Finished Spring Data repository scanning in 121 ms. Found 8 JPA repository interfaces.
2026-08-03T20:44:34.172+05:45  INFO 23720 --- [mmms-backend] [           main] o.s.b.w.embedded.tomcat.TomcatWebServer  : Tomcat initialized with port 8080 (http)
2026-08-03T20:44:34.186+05:45  INFO 23720 --- [mmms-backend] [           main] o.apache.catalina.core.StandardService   : Starting service [Tomcat]
2026-08-03T20:44:34.186+05:45  INFO 23720 --- [mmms-backend] [           main] o.apache.catalina.core.StandardEngine    : Starting Servlet engine: [Apache Tomcat/10.1.42]
2026-08-03T20:44:34.209+05:45  INFO 23720 --- [mmms-backend] [           main] o.a.c.c.C.[Tomcat].[localhost].[/]       : Initializing Spring embedded WebApplicationContext
2026-08-03T20:44:34.212+05:45  INFO 23720 --- [mmms-backend] [           main] w.s.c.ServletWebServerApplicationContext : Root WebApplicationContext: initialization completed in 1551 ms
2026-08-03T20:44:34.411+05:45  INFO 23720 --- [mmms-backend] [           main] o.hibernate.jpa.internal.util.LogHelper  : HHH000204: Processing PersistenceUnitInfo [name: default]
2026-08-03T20:44:34.445+05:45  INFO 23720 --- [mmms-backend] [           main] org.hibernate.Version                    : HHH000412: Hibernate ORM core version 6.6.18.Final
2026-08-03T20:44:34.468+05:45  INFO 23720 --- [mmms-backend] [           main] o.h.c.internal.RegionFactoryInitiator    : HHH000026: Second-level cache disabled
2026-08-03T20:44:34.633+05:45  INFO 23720 --- [mmms-backend] [           main] o.s.o.j.p.SpringPersistenceUnitInfo      : No LoadTimeWeaver setup: ignoring JPA class transformer
2026-08-03T20:44:34.656+05:45  INFO 23720 --- [mmms-backend] [           main] com.zaxxer.hikari.HikariDataSource       : HikariPool-1 - Starting...
2026-08-03T20:44:35.144+05:45  INFO 23720 --- [mmms-backend] [           main] com.zaxxer.hikari.pool.HikariPool        : HikariPool-1 - Added connection org.sqlite.jdbc4.JDBC4Connection@4f676900
2026-08-03T20:44:35.148+05:45  INFO 23720 --- [mmms-backend] [           main] com.zaxxer.hikari.HikariDataSource       : HikariPool-1 - Start completed.
2026-08-03T20:44:35.267+05:45  INFO 23720 --- [mmms-backend] [           main] org.hibernate.orm.connections.pooling    : HHH10001005: Database info:
	Database JDBC URL [Connecting through datasource 'HikariDataSource (HikariPool-1)']
	Database driver: undefined/unknown
	Database version: 3.45.1
	Autocommit mode: undefined/unknown
	Isolation level: undefined/unknown
	Minimum pool size: undefined/unknown
	Maximum pool size: undefined/unknown
2026-08-03T20:44:36.441+05:45  WARN 23720 --- [mmms-backend] [           main] org.hibernate.mapping.RootClass          : HHH000038: Composite-id class does not override equals(): com.sep.mmms_backend.entity.CommitteeMembershipId
2026-08-03T20:44:36.447+05:45  WARN 23720 --- [mmms-backend] [           main] org.hibernate.mapping.RootClass          : HHH000039: Composite-id class does not override hashCode(): com.sep.mmms_backend.entity.CommitteeMembershipId
2026-08-03T20:44:38.280+05:45  INFO 23720 --- [mmms-backend] [           main] o.h.e.t.j.p.i.JtaPlatformInitiator       : HHH000489: No JTA platform available (set 'hibernate.transaction.jta.platform' to enable JTA platform integration)
2026-08-03T20:44:38.426+05:45  INFO 23720 --- [mmms-backend] [           main] j.LocalContainerEntityManagerFactoryBean : Initialized JPA EntityManagerFactory for persistence unit 'default'
2026-08-03T20:44:39.195+05:45  INFO 23720 --- [mmms-backend] [           main] o.s.d.j.r.query.QueryEnhancerFactory     : Hibernate is in classpath; If applicable, HQL parser will be used.
2026-08-03T20:44:43.182+05:45  INFO 23720 --- [mmms-backend] [           main] r$InitializeUserDetailsManagerConfigurer : Global AuthenticationManager configured with UserDetailsService bean with name userDetailsService
2026-08-03T20:44:44.335+05:45  INFO 23720 --- [mmms-backend] [           main] o.s.b.w.embedded.tomcat.TomcatWebServer  : Tomcat started on port 8080 (http) with context path '/'
2026-08-03T20:44:44.507+05:45  INFO 23720 --- [mmms-backend] [           main] c.s.mmms_backend.MmmsBackendApplication  : Started MmmsBackendApplication in 12.086 seconds (process running for 12.598)
2026-08-03T20:44:53.451+05:45  INFO 23720 --- [mmms-backend] [nio-8080-exec-1] o.a.c.c.C.[Tomcat].[localhost].[/]       : Initializing Spring DispatcherServlet 'dispatcherServlet'
2026-08-03T20:44:53.452+05:45  INFO 23720 --- [mmms-backend] [nio-8080-exec-1] o.s.web.servlet.DispatcherServlet        : Initializing Servlet 'dispatcherServlet'
2026-08-03T20:44:53.452+05:45  INFO 23720 --- [mmms-backend] [nio-8080-exec-1] o.s.web.servlet.DispatcherServlet        : Completed initialization in 0 ms
2026-08-03T20:44:53.693+05:45 ERROR 23720 --- [mmms-backend] [nio-8080-exec-1] .m.e.CustomBasicAuthenticationEntryPoint : Authentication Failed for / : Full authentication is required to access this resource
